../Core/Src/main.c:78:5:main	176	static
../Core/Src/main.c:331:6:SystemClock_Config	88	static
../Core/Src/main.c:377:13:MX_ADC1_Init	24	static
../Core/Src/main.c:424:13:MX_ADC2_Init	24	static
../Core/Src/main.c:471:13:MX_SPI1_Init	8	static
../Core/Src/main.c:509:13:MX_TIM3_Init	56	static
../Core/Src/main.c:558:13:MX_USART2_UART_Init	8	static
../Core/Src/main.c:591:13:MX_GPIO_Init	40	static
../Core/Src/main.c:636:6:HAL_UART_RxCpltCallback	24	static
../Core/Src/main.c:686:6:Error_Handler	4	static,ignoring_inline_asm
